{
  "model": {
    "type": "minecraft:model",
    "model": "contercraft:item/golden/firework_rocket"
  }
}