{
	"credit": "Made with Blockbench",
	"parent": "item/generated",
	"textures": {
		"0": "contercraft:item/golden/firework_rocket",
		"particle": "contercraft:item/golden/firework_rocket"
	},
	"elements": [
		{
			"from": [
				7,
				3,
				7
			],
			"to": [
				9,
				10,
				9
			],
			"rotation": {
				"angle": 0,
				"axis": "y",
				"origin": [
					7,
					2,
					7
				]
			},
			"faces": {
				"north": {
					"uv": [
						4,
						0,
						6,
						7
					],
					"texture": "#0"
				},
				"east": {
					"uv": [
						6,
						0,
						8,
						7
					],
					"texture": "#0"
				},
				"south": {
					"uv": [
						4,
						7,
						6,
						14
					],
					"texture": "#0"
				},
				"west": {
					"uv": [
						6,
						7,
						8,
						14
					],
					"texture": "#0"
				},
				"up": {
					"uv": [
						10,
						5,
						8,
						3
					],
					"texture": "#0"
				},
				"down": {
					"uv": [
						10,
						5,
						8,
						7
					],
					"texture": "#0"
				}
			}
		},
		{
			"from": [
				7.5,
				2,
				7.5
			],
			"to": [
				8.5,
				3,
				8.5
			],
			"rotation": {
				"angle": 0,
				"axis": "y",
				"origin": [
					6.5,
					-5,
					6.5
				]
			},
			"faces": {
				"north": {
					"uv": [
						9,
						12,
						10,
						13
					],
					"texture": "#0"
				},
				"east": {
					"uv": [
						12,
						9,
						13,
						10
					],
					"texture": "#0"
				},
				"south": {
					"uv": [
						10,
						12,
						11,
						13
					],
					"texture": "#0"
				},
				"west": {
					"uv": [
						11,
						12,
						12,
						13
					],
					"texture": "#0"
				},
				"up": {
					"uv": [
						13,
						12,
						12,
						11
					],
					"texture": "#0"
				},
				"down": {
					"uv": [
						13,
						12,
						12,
						13
					],
					"texture": "#0"
				}
			}
		},
		{
			"from": [
				8.5,
				1,
				7.5
			],
			"to": [
				10.5,
				2,
				8.5
			],
			"rotation": {
				"angle": 0,
				"axis": "y",
				"origin": [
					7.5,
					-6,
					6.5
				]
			},
			"faces": {
				"north": {
					"uv": [
						2,
						12,
						4,
						13
					],
					"texture": "#0"
				},
				"east": {
					"uv": [
						0,
						13,
						1,
						14
					],
					"texture": "#0"
				},
				"south": {
					"uv": [
						12,
						4,
						14,
						5
					],
					"texture": "#0"
				},
				"west": {
					"uv": [
						1,
						13,
						2,
						14
					],
					"texture": "#0"
				},
				"up": {
					"uv": [
						14,
						6,
						12,
						5
					],
					"texture": "#0"
				},
				"down": {
					"uv": [
						14,
						7,
						12,
						8
					],
					"texture": "#0"
				}
			}
		},
		{
			"from": [
				10.5,
				2,
				7.5
			],
			"to": [
				11.5,
				3,
				8.5
			],
			"rotation": {
				"angle": 0,
				"axis": "y",
				"origin": [
					9.5,
					-5,
					6.5
				]
			},
			"faces": {
				"north": {
					"uv": [
						13,
						1,
						14,
						2
					],
					"texture": "#0"
				},
				"east": {
					"uv": [
						2,
						13,
						3,
						14
					],
					"texture": "#0"
				},
				"south": {
					"uv": [
						13,
						2,
						14,
						3
					],
					"texture": "#0"
				},
				"west": {
					"uv": [
						3,
						13,
						4,
						14
					],
					"texture": "#0"
				},
				"up": {
					"uv": [
						14,
						7,
						13,
						6
					],
					"texture": "#0"
				},
				"down": {
					"uv": [
						9,
						13,
						8,
						14
					],
					"texture": "#0"
				}
			}
		},
		{
			"from": [
				6,
				10,
				6
			],
			"to": [
				10,
				11,
				10
			],
			"rotation": {
				"angle": 0,
				"axis": "y",
				"origin": [
					7,
					9,
					7
				]
			},
			"faces": {
				"north": {
					"uv": [
						8,
						7,
						12,
						8
					],
					"texture": "#0"
				},
				"east": {
					"uv": [
						8,
						8,
						12,
						9
					],
					"texture": "#0"
				},
				"south": {
					"uv": [
						8,
						9,
						12,
						10
					],
					"texture": "#0"
				},
				"west": {
					"uv": [
						10,
						3,
						14,
						4
					],
					"texture": "#0"
				},
				"up": {
					"uv": [
						4,
						4,
						0,
						0
					],
					"texture": "#0"
				},
				"down": {
					"uv": [
						4,
						4,
						0,
						8
					],
					"texture": "#0"
				}
			}
		},
		{
			"from": [
				6.5,
				11,
				6.5
			],
			"to": [
				9.5,
				12,
				9.5
			],
			"rotation": {
				"angle": 0,
				"axis": "y",
				"origin": [
					7,
					11,
					7
				]
			},
			"faces": {
				"north": {
					"uv": [
						10,
						6,
						13,
						7
					],
					"texture": "#0"
				},
				"east": {
					"uv": [
						10,
						10,
						13,
						11
					],
					"texture": "#0"
				},
				"south": {
					"uv": [
						0,
						11,
						3,
						12
					],
					"texture": "#0"
				},
				"west": {
					"uv": [
						11,
						0,
						14,
						1
					],
					"texture": "#0"
				},
				"up": {
					"uv": [
						3,
						11,
						0,
						8
					],
					"texture": "#0"
				},
				"down": {
					"uv": [
						11,
						0,
						8,
						3
					],
					"texture": "#0"
				}
			}
		},
		{
			"from": [
				7,
				12,
				7
			],
			"to": [
				9,
				13,
				9
			],
			"rotation": {
				"angle": 0,
				"axis": "y",
				"origin": [
					7,
					12,
					7
				]
			},
			"faces": {
				"north": {
					"uv": [
						11,
						1,
						13,
						2
					],
					"texture": "#0"
				},
				"east": {
					"uv": [
						11,
						2,
						13,
						3
					],
					"texture": "#0"
				},
				"south": {
					"uv": [
						10,
						11,
						12,
						12
					],
					"texture": "#0"
				},
				"west": {
					"uv": [
						0,
						12,
						2,
						13
					],
					"texture": "#0"
				},
				"up": {
					"uv": [
						12,
						6,
						10,
						4
					],
					"texture": "#0"
				},
				"down": {
					"uv": [
						10,
						10,
						8,
						12
					],
					"texture": "#0"
				}
			}
		},
		{
			"from": [
				7.5,
				13,
				7.5
			],
			"to": [
				8.5,
				14,
				8.5
			],
			"rotation": {
				"angle": 0,
				"axis": "y",
				"origin": [
					7.5,
					13,
					7.5
				]
			},
			"faces": {
				"north": {
					"uv": [
						3,
						8,
						4,
						9
					],
					"texture": "#0"
				},
				"east": {
					"uv": [
						3,
						9,
						4,
						10
					],
					"texture": "#0"
				},
				"south": {
					"uv": [
						3,
						10,
						4,
						11
					],
					"texture": "#0"
				},
				"west": {
					"uv": [
						3,
						11,
						4,
						12
					],
					"texture": "#0"
				},
				"up": {
					"uv": [
						9,
						13,
						8,
						12
					],
					"texture": "#0"
				},
				"down": {
					"uv": [
						13,
						8,
						12,
						9
					],
					"texture": "#0"
				}
			}
		}
	],
	"display": {
		"thirdperson_righthand": {
			"rotation": [
				42,
				0,
				0
			],
			"translation": [
				0,
				1.75,
				3.25
			],
			"scale": [
				0.55,
				0.55,
				0.55
			]
		},
		"thirdperson_lefthand": {
			"rotation": [
				42,
				0,
				0
			],
			"translation": [
				0,
				1.75,
				3.25
			],
			"scale": [
				0.55,
				0.55,
				0.55
			]
		},
		"firstperson_righthand": {
			"rotation": [
				18,
				-86,
				25
			],
			"translation": [
				1.13,
				5.45,
				0.88
			],
			"scale": [
				0.68,
				0.68,
				0.68
			]
		},
		"firstperson_lefthand": {
			"rotation": [
				18,
				-86,
				25
			],
			"translation": [
				1.13,
				5.45,
				0.88
			],
			"scale": [
				0.68,
				0.68,
				0.68
			]
		},
		"ground": {
			"rotation": [
				35,
				0,
				0
			],
			"translation": [
				0,
				2,
				0
			],
			"scale": [
				0.76,
				0.76,
				0.76
			]
		},
		"gui": {
			"rotation": [
				28,
				26,
				0
			]
		},
		"head": {
			"rotation": [
				0,
				180,
				0
			],
			"translation": [
				0,
				13,
				-0.25
			]
		},
		"fixed": {
			"rotation": [
				0,
				180,
				0
			]
		}
	}
}